// Jest Snapshot v1, https://goo.gl/fbAQLP

exports[`<HelpHeader /> enable help 1`] = `
<DocumentFragment>
  <div
    class="pf-c-dropdown pf-m-align-right pf-m-expanded"
    data-ouia-component-id="5"
    data-ouia-component-type="PF4/Dropdown"
    data-ouia-safe="true"
  >
    <button
      aria-expanded="true"
      aria-haspopup="true"
      aria-label="Help"
      class="pf-c-dropdown__toggle pf-m-plain"
      id="help"
      type="button"
    >
      <span>
        <svg
          aria-hidden="true"
          fill="currentColor"
          height="1em"
          role="img"
          style="vertical-align: -0.125em;"
          viewBox="0 64 1024 1024"
          width="1em"
        >
          <path
            d="M512.059-73.143c-282.338 0-512.059 229.673-512.059 512.025 0 282.235 229.721 511.975 512.059 511.975 282.281 0 511.941-229.735 511.941-511.975 0.005-282.352-229.659-512.025-511.941-512.025zM512.059 826.523c-213.826 0-387.728-173.856-387.728-387.643 0-213.89 173.904-387.694 387.728-387.694 213.717 0 387.671 173.803 387.671 387.694 0.005 213.785-173.957 387.643-387.671 387.643zM585.143 164.571v109.714c0 4.951-1.808 9.237-5.429 12.857s-7.906 5.429-12.857 5.429h-109.714c-4.953 0-9.239-1.808-12.857-5.429s-5.429-7.906-5.429-12.857v-109.714c0-4.951 1.81-9.237 5.429-12.857s7.904-5.429 12.857-5.429h109.714c4.951 0 9.237 1.808 12.857 5.429s5.429 7.906 5.429 12.857zM521.616 365.714c118.343 0 214.286 88.965 214.286 187.429s-95.943 178.286-214.286 178.286c-173.045 0-208.091-93.714-213.963-171.113 0-7.936 6.729-9.838 15.872-9.838s108.073 0 113.143 0c6.096 0 14.475 0.633 17.554 10.571 0 48.857 135.968 54.953 135.968-7.904 0-31.506-29.717-63.817-68.571-66.194s-82.286-7.607-82.286-54.199c0-13.022 0-25.673 0-44.693 0-19.015 9.717-22.343 27.431-22.343s54.853-0.002 54.853-0.002z"
            transform="rotate(180 0 512) scale(-1 1)"
          />
        </svg>
      </span>
    </button>
    <ul
      aria-labelledby="help"
      class="pf-c-dropdown__menu pf-m-align-right"
      role="menu"
    >
      <li
        id="link"
        role="menuitem"
      >
        <a
          aria-disabled="false"
          class="pf-c-dropdown__menu-item"
          tabindex="-1"
        >
          <div
            class="pf-l-split"
          >
            <div
              class="pf-l-split__item pf-m-fill"
            >
              documentation
            </div>
            <div
              class="pf-l-split__item"
            >
              <svg
                aria-hidden="true"
                fill="currentColor"
                height="1em"
                role="img"
                style="vertical-align: -0.125em;"
                viewBox="0 0 512 512"
                width="1em"
              >
                <path
                  d="M432,320H400a16,16,0,0,0-16,16V448H64V128H208a16,16,0,0,0,16-16V80a16,16,0,0,0-16-16H48A48,48,0,0,0,0,112V464a48,48,0,0,0,48,48H400a48,48,0,0,0,48-48V336A16,16,0,0,0,432,320ZM488,0h-128c-21.37,0-32.05,25.91-17,41l35.73,35.73L135,320.37a24,24,0,0,0,0,34L157.67,377a24,24,0,0,0,34,0L435.28,133.32,471,169c15,15,41,4.5,41-17V24A24,24,0,0,0,488,0Z"
                  transform=""
                />
              </svg>
            </div>
          </div>
        </a>
      </li>
      <li
        id="enable"
        role="menuitem"
      >
        <a
          aria-disabled="false"
          class="pf-c-dropdown__menu-item pf-m-description"
          tabindex="-1"
        >
          <div
            class="pf-c-dropdown__menu-item-main"
          >
            <div
              class="pf-l-split"
            >
              <div
                class="pf-l-split__item pf-m-fill"
              >
                enableHelpMode
              </div>
              <div
                class="pf-l-split__item"
              >
                <label
                  class="pf-c-switch"
                  data-ouia-component-id="6"
                  data-ouia-component-type="PF4/Switch"
                  data-ouia-safe="true"
                  for="enableHelp"
                >
                  <input
                    aria-label="Help is enabled"
                    checked=""
                    class="pf-c-switch__input"
                    id="enableHelp"
                    type="checkbox"
                  />
                  <span
                    class="pf-c-switch__toggle"
                  >
                    <div
                      aria-hidden="true"
                      class="pf-c-switch__toggle-icon"
                    >
                      <svg
                        aria-hidden="true"
                        fill="currentColor"
                        height="1em"
                        role="img"
                        viewBox="0 0 512 512"
                        width="1em"
                      >
                        <path
                          d="M173.898 439.404l-166.4-166.4c-9.997-9.997-9.997-26.206 0-36.204l36.203-36.204c9.997-9.998 26.207-9.998 36.204 0L192 312.69 432.095 72.596c9.997-9.997 26.207-9.997 36.204 0l36.203 36.204c9.997 9.997 9.997 26.206 0 36.204l-294.4 294.401c-9.998 9.997-26.207 9.997-36.204-.001z"
                          transform=""
                        />
                      </svg>
                    </div>
                  </span>
                </label>
              </div>
            </div>
          </div>
          <div
            class="pf-c-dropdown__menu-item-description"
          >
            This toggle will enable / disable part of the help info in the console. Includes any help text, links and popovers.
          </div>
        </a>
      </li>
    </ul>
  </div>
  <div
    id="result"
  >
    YES
  </div>
</DocumentFragment>
`;

exports[`<HelpHeader /> open dropdown 1`] = `
<DocumentFragment>
  <div
    class="pf-c-dropdown pf-m-align-right pf-m-expanded"
    data-ouia-component-id="2"
    data-ouia-component-type="PF4/Dropdown"
    data-ouia-safe="true"
  >
    <button
      aria-expanded="true"
      aria-haspopup="true"
      aria-label="Help"
      class="pf-c-dropdown__toggle pf-m-plain"
      id="help"
      type="button"
    >
      <span>
        <svg
          aria-hidden="true"
          fill="currentColor"
          height="1em"
          role="img"
          style="vertical-align: -0.125em;"
          viewBox="0 64 1024 1024"
          width="1em"
        >
          <path
            d="M512.059-73.143c-282.338 0-512.059 229.673-512.059 512.025 0 282.235 229.721 511.975 512.059 511.975 282.281 0 511.941-229.735 511.941-511.975 0.005-282.352-229.659-512.025-511.941-512.025zM512.059 826.523c-213.826 0-387.728-173.856-387.728-387.643 0-213.89 173.904-387.694 387.728-387.694 213.717 0 387.671 173.803 387.671 387.694 0.005 213.785-173.957 387.643-387.671 387.643zM585.143 164.571v109.714c0 4.951-1.808 9.237-5.429 12.857s-7.906 5.429-12.857 5.429h-109.714c-4.953 0-9.239-1.808-12.857-5.429s-5.429-7.906-5.429-12.857v-109.714c0-4.951 1.81-9.237 5.429-12.857s7.904-5.429 12.857-5.429h109.714c4.951 0 9.237 1.808 12.857 5.429s5.429 7.906 5.429 12.857zM521.616 365.714c118.343 0 214.286 88.965 214.286 187.429s-95.943 178.286-214.286 178.286c-173.045 0-208.091-93.714-213.963-171.113 0-7.936 6.729-9.838 15.872-9.838s108.073 0 113.143 0c6.096 0 14.475 0.633 17.554 10.571 0 48.857 135.968 54.953 135.968-7.904 0-31.506-29.717-63.817-68.571-66.194s-82.286-7.607-82.286-54.199c0-13.022 0-25.673 0-44.693 0-19.015 9.717-22.343 27.431-22.343s54.853-0.002 54.853-0.002z"
            transform="rotate(180 0 512) scale(-1 1)"
          />
        </svg>
      </span>
    </button>
    <ul
      aria-labelledby="help"
      class="pf-c-dropdown__menu pf-m-align-right"
      role="menu"
    >
      <li
        id="link"
        role="menuitem"
      >
        <a
          aria-disabled="false"
          class="pf-c-dropdown__menu-item"
          tabindex="-1"
        >
          <div
            class="pf-l-split"
          >
            <div
              class="pf-l-split__item pf-m-fill"
            >
              documentation
            </div>
            <div
              class="pf-l-split__item"
            >
              <svg
                aria-hidden="true"
                fill="currentColor"
                height="1em"
                role="img"
                style="vertical-align: -0.125em;"
                viewBox="0 0 512 512"
                width="1em"
              >
                <path
                  d="M432,320H400a16,16,0,0,0-16,16V448H64V128H208a16,16,0,0,0,16-16V80a16,16,0,0,0-16-16H48A48,48,0,0,0,0,112V464a48,48,0,0,0,48,48H400a48,48,0,0,0,48-48V336A16,16,0,0,0,432,320ZM488,0h-128c-21.37,0-32.05,25.91-17,41l35.73,35.73L135,320.37a24,24,0,0,0,0,34L157.67,377a24,24,0,0,0,34,0L435.28,133.32,471,169c15,15,41,4.5,41-17V24A24,24,0,0,0,488,0Z"
                  transform=""
                />
              </svg>
            </div>
          </div>
        </a>
      </li>
      <li
        id="enable"
        role="menuitem"
      >
        <a
          aria-disabled="false"
          class="pf-c-dropdown__menu-item pf-m-description"
          tabindex="-1"
        >
          <div
            class="pf-c-dropdown__menu-item-main"
          >
            <div
              class="pf-l-split"
            >
              <div
                class="pf-l-split__item pf-m-fill"
              >
                enableHelpMode
              </div>
              <div
                class="pf-l-split__item"
              >
                <label
                  class="pf-c-switch"
                  data-ouia-component-id="3"
                  data-ouia-component-type="PF4/Switch"
                  data-ouia-safe="true"
                  for="enableHelp"
                >
                  <input
                    aria-label="Help is enabled"
                    checked=""
                    class="pf-c-switch__input"
                    id="enableHelp"
                    type="checkbox"
                  />
                  <span
                    class="pf-c-switch__toggle"
                  >
                    <div
                      aria-hidden="true"
                      class="pf-c-switch__toggle-icon"
                    >
                      <svg
                        aria-hidden="true"
                        fill="currentColor"
                        height="1em"
                        role="img"
                        viewBox="0 0 512 512"
                        width="1em"
                      >
                        <path
                          d="M173.898 439.404l-166.4-166.4c-9.997-9.997-9.997-26.206 0-36.204l36.203-36.204c9.997-9.998 26.207-9.998 36.204 0L192 312.69 432.095 72.596c9.997-9.997 26.207-9.997 36.204 0l36.203 36.204c9.997 9.997 9.997 26.206 0 36.204l-294.4 294.401c-9.998 9.997-26.207 9.997-36.204-.001z"
                          transform=""
                        />
                      </svg>
                    </div>
                  </span>
                </label>
              </div>
            </div>
          </div>
          <div
            class="pf-c-dropdown__menu-item-description"
          >
            This toggle will enable / disable part of the help info in the console. Includes any help text, links and popovers.
          </div>
        </a>
      </li>
    </ul>
  </div>
</DocumentFragment>
`;

exports[`<HelpHeader /> render 1`] = `
<DocumentFragment>
  <div
    class="pf-c-dropdown pf-m-align-right"
    data-ouia-component-id="0"
    data-ouia-component-type="PF4/Dropdown"
    data-ouia-safe="true"
  >
    <button
      aria-expanded="false"
      aria-haspopup="true"
      aria-label="Help"
      class="pf-c-dropdown__toggle pf-m-plain"
      id="help"
      type="button"
    >
      <span>
        <svg
          aria-hidden="true"
          fill="currentColor"
          height="1em"
          role="img"
          style="vertical-align: -0.125em;"
          viewBox="0 64 1024 1024"
          width="1em"
        >
          <path
            d="M512.059-73.143c-282.338 0-512.059 229.673-512.059 512.025 0 282.235 229.721 511.975 512.059 511.975 282.281 0 511.941-229.735 511.941-511.975 0.005-282.352-229.659-512.025-511.941-512.025zM512.059 826.523c-213.826 0-387.728-173.856-387.728-387.643 0-213.89 173.904-387.694 387.728-387.694 213.717 0 387.671 173.803 387.671 387.694 0.005 213.785-173.957 387.643-387.671 387.643zM585.143 164.571v109.714c0 4.951-1.808 9.237-5.429 12.857s-7.906 5.429-12.857 5.429h-109.714c-4.953 0-9.239-1.808-12.857-5.429s-5.429-7.906-5.429-12.857v-109.714c0-4.951 1.81-9.237 5.429-12.857s7.904-5.429 12.857-5.429h109.714c4.951 0 9.237 1.808 12.857 5.429s5.429 7.906 5.429 12.857zM521.616 365.714c118.343 0 214.286 88.965 214.286 187.429s-95.943 178.286-214.286 178.286c-173.045 0-208.091-93.714-213.963-171.113 0-7.936 6.729-9.838 15.872-9.838s108.073 0 113.143 0c6.096 0 14.475 0.633 17.554 10.571 0 48.857 135.968 54.953 135.968-7.904 0-31.506-29.717-63.817-68.571-66.194s-82.286-7.607-82.286-54.199c0-13.022 0-25.673 0-44.693 0-19.015 9.717-22.343 27.431-22.343s54.853-0.002 54.853-0.002z"
            transform="rotate(180 0 512) scale(-1 1)"
          />
        </svg>
      </span>
    </button>
  </div>
</DocumentFragment>
`;
