// Jest Snapshot v1, https://goo.gl/fbAQLP

exports[`renders realm selector 1`] = `"<div id=\\"realm-select\\" class=\\"pf-c-dropdown pf-m-expanded keycloak__realm_selector__dropdown\\" data-ouia-component-type=\\"PF4/Dropdown\\" data-ouia-safe=\\"true\\" data-ouia-component-id=\\"1\\"><button id=\\"realm-select-toggle\\" class=\\"pf-c-dropdown__toggle keycloak__realm_selector_dropdown__toggle\\" type=\\"button\\" aria-expanded=\\"true\\" aria-haspopup=\\"true\\"><span class=\\"pf-c-dropdown__toggle-text\\">test</span><span class=\\"pf-c-dropdown__toggle-icon\\"><svg style=\\"vertical-align: -0.125em;\\" fill=\\"currentColor\\" height=\\"1em\\" width=\\"1em\\" viewBox=\\"0 0 320 512\\" aria-hidden=\\"true\\" role=\\"img\\"><path d=\\"M31.3 192h257.3c17.8 0 26.7 21.5 14.1 34.1L174.1 354.8c-7.8 7.8-20.5 7.8-28.3 0L17.2 226.1C4.6 213.5 13.5 192 31.3 192z\\" transform=\\"\\"></path></svg></span></button><ul aria-labelledby=\\"realm-select-toggle\\" class=\\"pf-c-dropdown__menu\\" role=\\"menu\\"><li role=\\"menuitem\\"><a tabindex=\\"-1\\" aria-disabled=\\"false\\" class=\\"pf-c-dropdown__menu-item\\">Another</a></li><hr class=\\"pf-c-divider\\" index=\\"1\\"><li role=\\"menuitem\\"><div tabindex=\\"-1\\" class=\\"pf-c-dropdown__menu-item\\"><button aria-disabled=\\"false\\" class=\\"pf-c-button pf-m-primary pf-m-block\\" type=\\"button\\" data-ouia-component-type=\\"PF4/Button\\" data-ouia-safe=\\"true\\" data-ouia-component-id=\\"2\\">Create Realm</button></div></li></ul></div>"`;
